<html>
<body>
<pre>
<h1>礦ision Build Log</h1>
<h2>Project:</h2>
E:\タカラモノ\ROBOCON武大机器人队\stm32f103c8t6最新核心板和2015年驱动板\2015驱动板基础工程\1——单个电灯程序\Project\Pro\project.uvprojx
Project File Date:  03/13/2016

<h2>Output:</h2>
Build target 'Target 1'
linking...
Program Size: Code=2456 RO-data=268 RW-data=40 ZI-data=1024  
FromELF: creating hex file...
"..\Obj\project.axf" - 0 Error(s), 0 Warning(s).
Load "..\\Obj\\project.axf" 
Set JLink Project File to "E:\タカラモノ\ROBOCON武大机器人队\stm32f103c8t6最新核心板和2015年驱动板\2015驱动板基础工程\1——单个电灯程序\Project\Pro\JLinkSettings.ini"
* JLink Info: Device "STM32F103RB" selected (128 KB flash, 20 KB RAM).
 
JLink info:
------------
DLL: V4.88 , compiled Jul 15 2014 08:50:40
Firmware: J-Link ARM-OB STM32 compiled Aug 22 2012 19:52:04
Hardware: V7.00
S/N : 20090928 
Feature(s) : RDI,FlashDL,FlashBP,JFlash,GDBFull 
 
* JLink Info: Found SWD-DP with ID 0x1BA01477
* JLink Info: Found SWD-DP with ID 0x1BA01477
* JLink Info: Found Cortex-M3 r1p1, Little endian.
* JLink Info: FPUnit: 6 code (BP) slots and 2 literal slots
* JLink Info: TPIU fitted.
ROMTableAddr = 0xE00FF003
 
Target info:
------------
Device: STM32F103RB
VTarget = 3.300V
State of Pins: 
TCK: 0, TDI: 1, TDO: 1, TMS: 0, TRES: 1, TRST: 1
Hardware-Breakpoints: 6
Software-Breakpoints: 8192
Watchpoints:          4
JTAG speed: 1000 kHz
 
Erase Done.
Programming Done.
Verify OK.
Application running ...
</pre>
</body>
</html>
Application running ...
