<html>
<body>
<pre>
<h1>礦ision Build Log</h1>
<h2>Project:</h2>
D:\Keil MDK5.01\工程目录\8_ADC采样\Project\Pro\project.uvprojx
Project File Date:  03/13/2016

<h2>Output:</h2>
Build target 'Target 1'
compiling main.c...
linking...
Program Size: Code=8804 RO-data=268 RW-data=44 ZI-data=1028  
FromELF: creating hex file...
"..\Obj\project.axf" - 0 Error(s), 0 Warning(s).
</pre>
</body>
</html>
 File to "D:\Keil MDK5.01\工程目录\8_ADC采样\Project\Pro\JLinkSettings.ini"
* JLink Info: Device "STM32F103C8" selected (64 KB flash, 20 KB RAM).
 
JLink info:
------------
DLL: V4.76e, compiled Sep 20 2013 16:06:28
Firmware: J-Link ARM V8 compiled Jul 17 2013 11:24:15
Hardware: V8.00
S/N : 99999998 
Feature(s) : RDI,FlashDL,FlashBP,JFlash,GDBFULL 
 
* JLink Info: Found SWD-DP with ID 0x1BA01477
* JLink Info: Found SWD-DP with ID 0x1BA01477
* JLink Info: Found Cortex-M3 r1p1, Little endian.
* JLink Info: FPUnit: 6 code (BP) slots and 2 literal slots
* JLink Info: TPIU fitted.
ROMTableAddr = 0xE00FF003
 
Target info:
------------
Device: STM32F103C8
VTarget = 3.280V
State of Pins: 
TCK: 0, TDI: 0, TDO: 1, TMS: 1, TRES: 1, TRST: 1
Hardware-Breakpoints: 6
Software-Breakpoints: 8192
Watchpoints:          4
JTAG speed: 2000 kHz
 
Erase Done.
Programming Done.
Verify OK.
Application running ...
Load "..\\Obj\\project.axf" 
Set JLink Project File to "D:\Keil MDK5.01\工程目录\8_ADC采样\Project\Pro\JLinkSettings.ini"
* JLink Info: Device "STM32F103C8" selected (64 KB flash, 20 KB RAM).
 
JLink info:
------------
DLL: V4.76e, compiled Sep 20 2013 16:06:28
Firmware: J-Link ARM V8 compiled Jul 17 2013 11:24:15
Hardware: V8.00
S/N : 99999998 
Feature(s) : RDI,FlashDL,FlashBP,JFlash,GDBFULL 
 
* JLink Info: Found SWD-DP with ID 0x1BA01477
* JLink Info: Found SWD-DP with ID 0x1BA01477
* JLink Info: Found Cortex-M3 r1p1, Little endian.
* JLink Info: FPUnit: 6 code (BP) slots and 2 literal slots
* JLink Info: TPIU fitted.
ROMTableAddr = 0xE00FF003
 
Target info:
------------
Device: STM32F103C8
VTarget = 3.280V
State of Pins: 
TCK: 0, TDI: 0, TDO: 0, TMS: 1, TRES: 1, TRST: 1
Hardware-Breakpoints: 6
Software-Breakpoints: 8192
Watchpoints:          4
JTAG speed: 2000 kHz
 
Erase Done.
Programming Done.
Verify OK.
Application running ...
