ARM Linker, 5.03 [Build 76] [MDK-ARM Standard]

==============================================================================

Section Cross References

    main.o(.text) refers to system_stm32f10x.o(.text) for SystemInit
    main.o(.text) refers to misc.o(.text) for NVIC_PriorityGroupConfig
    main.o(.text) refers to globalvars.o(.text) for PID_InitALL
    main.o(.text) refers to ad.o(.text) for ADC_Configuration
    main.o(.text) refers to pwm.o(.text) for PWM_Configuration
    main.o(.text) refers to usart2.o(.text) for USART2_Configuration
    main.o(.text) refers to encoder.o(.text) for Encoder_Configuration
    main.o(.text) refers to tim2.o(.text) for TIM2_Configuration
    main.o(.text) refers to f2d.o(.text) for __aeabi_f2d
    main.o(.text) refers to pid.o(.text) for PID_Calc
    main.o(.text) refers to d2f.o(.text) for __aeabi_d2f
    main.o(.text) refers to dfixi.o(.text) for __aeabi_d2iz
    main.o(.text) refers to globalvars.o(.data) for MotorMode
    main.o(.text) refers to globalvars.o(.data) for LocationPID_flag
    main.o(.text) refers to globalvars.o(.data) for Want_Speed
    main.o(.text) refers to globalvars.o(.data) for SpeedPID_flag
    main.o(.text) refers to globalvars.o(.data) for Want_Pwm
    main.o(.text) refers to globalvars.o(.data) for Want_Location
    main.o(.text) refers to globalvars.o(.data) for Real_Location
    main.o(.text) refers to globalvars.o(.bss) for PidDataLocation
    main.o(.text) refers to globalvars.o(.data) for Real_Speed
    main.o(.text) refers to main.o(.data) for .data
    encoder.o(.text) refers to stm32f10x_rcc.o(.text) for RCC_APB2PeriphClockCmd
    encoder.o(.text) refers to stm32f10x_gpio.o(.text) for GPIO_Init
    encoder.o(.text) refers to stm32f10x_tim.o(.text) for TIM_EncoderInterfaceConfig
    encoder.o(.text) refers to encoder.o(.data) for .data
    pwm.o(.text) refers to stm32f10x_rcc.o(.text) for RCC_APB2PeriphClockCmd
    pwm.o(.text) refers to stm32f10x_gpio.o(.text) for GPIO_Init
    pwm.o(.text) refers to stm32f10x_tim.o(.text) for TIM_TimeBaseInit
    tim2.o(.text) refers to stm32f10x_tim.o(.text) for TIM_Cmd
    tim2.o(.text) refers to stm32f10x_rcc.o(.text) for RCC_APB1PeriphClockCmd
    tim2.o(.text) refers to misc.o(.text) for NVIC_Init
    tim2.o(.text) refers to encoder.o(.text) for Encoder_Get_CNT
    tim2.o(.text) refers to fflti.o(.text) for __aeabi_i2f
    tim2.o(.text) refers to fadd.o(.text) for __aeabi_fadd
    tim2.o(.text) refers to tim2.o(.data) for .data
    tim2.o(.text) refers to globalvars.o(.data) for Real_Speed
    tim2.o(.text) refers to globalvars.o(.data) for Real_Location
    tim2.o(.text) refers to globalvars.o(.data) for LocationPID_flag
    tim2.o(.text) refers to globalvars.o(.data) for SpeedPID_flag
    usart2.o(.text) refers to stm32f10x_rcc.o(.text) for RCC_APB2PeriphClockCmd
    usart2.o(.text) refers to stm32f10x_gpio.o(.text) for GPIO_Init
    usart2.o(.text) refers to stm32f10x_usart.o(.text) for USART_DeInit
    usart2.o(.text) refers to misc.o(.text) for NVIC_Init
    pid.o(.text) refers to memseta.o(.text) for __aeabi_memclr4
    pid.o(.text) refers to dadd.o(.text) for __aeabi_dsub
    pid.o(.text) refers to dmul.o(.text) for __aeabi_dmul
    pid.o(.text) refers to cdcmple.o(.text) for __aeabi_cdcmpeq
    pid.o(.text) refers to cdrcmple.o(.text) for __aeabi_cdrcmple
    pid.o(.text) refers to dscalb.o(.text) for __ARM_scalbn
    globalvars.o(.text) refers to pid.o(.text) for PID_Init
    globalvars.o(.text) refers to globalvars.o(.bss) for .bss
    ad.o(.text) refers to stm32f10x_rcc.o(.text) for RCC_AHBPeriphClockCmd
    ad.o(.text) refers to stm32f10x_gpio.o(.text) for GPIO_Init
    ad.o(.text) refers to stm32f10x_dma.o(.text) for DMA_DeInit
    ad.o(.text) refers to misc.o(.text) for NVIC_Init
    ad.o(.text) refers to stm32f10x_adc.o(.text) for ADC_Init
    ad.o(.text) refers to fflti.o(.text) for __aeabi_i2f
    ad.o(.text) refers to f2d.o(.text) for __aeabi_f2d
    ad.o(.text) refers to fmul.o(.text) for __aeabi_fmul
    ad.o(.text) refers to ddiv.o(.text) for __aeabi_ddiv
    ad.o(.text) refers to dadd.o(.text) for __aeabi_dsub
    ad.o(.text) refers to d2f.o(.text) for __aeabi_d2f
    ad.o(.text) refers to fadd.o(.text) for __aeabi_fadd
    ad.o(.text) refers to fdiv.o(.text) for __aeabi_fdiv
    ad.o(.text) refers to ad.o(.bss) for .bss
    ad.o(.text) refers to ad.o(.data) for .data
    ad.o(.text) refers to globalvars.o(.data) for Real_Current
    ad.o(.text) refers to globalvars.o(.data) for CurrentPID_flag
    stm32f10x_rcc.o(.text) refers to stm32f10x_rcc.o(.data) for .data
    stm32f10x_gpio.o(.text) refers to stm32f10x_rcc.o(.text) for RCC_APB2PeriphResetCmd
    stm32f10x_adc.o(.text) refers to stm32f10x_rcc.o(.text) for RCC_APB2PeriphResetCmd
    stm32f10x_can.o(.text) refers to stm32f10x_rcc.o(.text) for RCC_APB1PeriphResetCmd
    stm32f10x_tim.o(.text) refers to stm32f10x_rcc.o(.text) for RCC_APB1PeriphResetCmd
    stm32f10x_usart.o(.text) refers to stm32f10x_rcc.o(.text) for RCC_APB2PeriphResetCmd
    stm32f10x_spi.o(.text) refers to stm32f10x_rcc.o(.text) for RCC_APB2PeriphResetCmd
    system_stm32f10x.o(.text) refers to system_stm32f10x.o(.data) for .data
    startup_stm32f10x_md.o(RESET) refers to startup_stm32f10x_md.o(STACK) for __initial_sp
    startup_stm32f10x_md.o(RESET) refers to startup_stm32f10x_md.o(.text) for Reset_Handler
    startup_stm32f10x_md.o(RESET) refers to stm32f10x_it.o(.text) for NMI_Handler
    startup_stm32f10x_md.o(RESET) refers to ad.o(.text) for DMA1_Channel1_IRQHandler
    startup_stm32f10x_md.o(RESET) refers to tim2.o(.text) for TIM2_IRQHandler
    startup_stm32f10x_md.o(.text) refers to system_stm32f10x.o(.text) for SystemInit
    startup_stm32f10x_md.o(.text) refers to entry.o(.ARM.Collect$$$$00000000) for __main
    entry.o(.ARM.Collect$$$$00000000) refers (Special) to entry10a.o(.ARM.Collect$$$$0000000D) for __rt_final_cpp
    entry.o(.ARM.Collect$$$$00000000) refers (Special) to entry11a.o(.ARM.Collect$$$$0000000F) for __rt_final_exit
    entry.o(.ARM.Collect$$$$00000000) refers (Special) to entry7b.o(.ARM.Collect$$$$00000008) for _main_clock
    entry.o(.ARM.Collect$$$$00000000) refers (Special) to entry8b.o(.ARM.Collect$$$$0000000A) for _main_cpp_init
    entry.o(.ARM.Collect$$$$00000000) refers (Special) to entry9a.o(.ARM.Collect$$$$0000000B) for _main_init
    entry.o(.ARM.Collect$$$$00000000) refers (Special) to entry5.o(.ARM.Collect$$$$00000004) for _main_scatterload
    entry.o(.ARM.Collect$$$$00000000) refers (Special) to entry2.o(.ARM.Collect$$$$00000001) for _main_stk
    fadd.o(.text) refers (Special) to iusefp.o(.text) for __I$use$fp
    fadd.o(.text) refers to fepilogue.o(.text) for _float_epilogue
    fmul.o(.text) refers (Special) to iusefp.o(.text) for __I$use$fp
    fdiv.o(.text) refers (Special) to iusefp.o(.text) for __I$use$fp
    fdiv.o(.text) refers to fepilogue.o(.text) for _float_round
    dadd.o(.text) refers (Special) to iusefp.o(.text) for __I$use$fp
    dadd.o(.text) refers to llshl.o(.text) for __aeabi_llsl
    dadd.o(.text) refers to llsshr.o(.text) for __aeabi_lasr
    dadd.o(.text) refers to depilogue.o(.text) for _double_epilogue
    dmul.o(.text) refers (Special) to iusefp.o(.text) for __I$use$fp
    dmul.o(.text) refers to depilogue.o(.text) for _double_epilogue
    ddiv.o(.text) refers (Special) to iusefp.o(.text) for __I$use$fp
    ddiv.o(.text) refers to depilogue.o(.text) for _double_round
    dscalb.o(.text) refers (Special) to iusefp.o(.text) for __I$use$fp
    fflti.o(.text) refers (Special) to iusefp.o(.text) for __I$use$fp
    fflti.o(.text) refers to fepilogue.o(.text) for _float_epilogue
    dfixi.o(.text) refers (Special) to iusefp.o(.text) for __I$use$fp
    dfixi.o(.text) refers to llushr.o(.text) for __aeabi_llsr
    f2d.o(.text) refers (Special) to iusefp.o(.text) for __I$use$fp
    cdcmple.o(.text) refers (Special) to iusefp.o(.text) for __I$use$fp
    cdrcmple.o(.text) refers (Special) to iusefp.o(.text) for __I$use$fp
    d2f.o(.text) refers (Special) to iusefp.o(.text) for __I$use$fp
    d2f.o(.text) refers to fepilogue.o(.text) for _float_round
    entry2.o(.ARM.Collect$$$$00000001) refers to entry2.o(.ARM.Collect$$$$00002712) for __lit__00000000
    entry2.o(.ARM.Collect$$$$00002712) refers to startup_stm32f10x_md.o(STACK) for __initial_sp
    entry2.o(__vectab_stack_and_reset_area) refers to startup_stm32f10x_md.o(STACK) for __initial_sp
    entry2.o(__vectab_stack_and_reset_area) refers to entry.o(.ARM.Collect$$$$00000000) for __main
    entry5.o(.ARM.Collect$$$$00000004) refers to init.o(.text) for __scatterload
    entry9a.o(.ARM.Collect$$$$0000000B) refers to main.o(.text) for main
    entry9b.o(.ARM.Collect$$$$0000000C) refers to main.o(.text) for main
    depilogue.o(.text) refers to llshl.o(.text) for __aeabi_llsl
    depilogue.o(.text) refers to llushr.o(.text) for __aeabi_llsr
    init.o(.text) refers to entry5.o(.ARM.Collect$$$$00000004) for __main_after_scatterload


==============================================================================

Removing Unused input sections from the image.

    Removing delay.o(.text), (42 bytes).
    Removing pwm.o(.data), (8 bytes).
    Removing usart2.o(.bss), (32 bytes).
    Removing usart2.o(.data), (1 bytes).
    Removing usart2.o(.data), (2 bytes).
    Removing globalvars.o(.data), (4 bytes).
    Removing stm32f10x_exti.o(.text), (232 bytes).
    Removing stm32f10x_can.o(.text), (1760 bytes).
    Removing stm32f10x_flash.o(.text), (1148 bytes).
    Removing stm32f10x_spi.o(.text), (628 bytes).
    Removing core_cm3.o(.emb_text), (32 bytes).
    Removing startup_stm32f10x_md.o(HEAP), (512 bytes).

12 unused section(s) (total 4401 bytes) removed from the image.

==============================================================================

Image Symbol Table

    Local Symbols

    Symbol Name                              Value     Ov Type        Size  Object(Section)

    ../clib/microlib/init/entry.s            0x00000000   Number         0  entry11b.o ABSOLUTE
    ../clib/microlib/init/entry.s            0x00000000   Number         0  entry11a.o ABSOLUTE
    ../clib/microlib/init/entry.s            0x00000000   Number         0  entry10b.o ABSOLUTE
    ../clib/microlib/init/entry.s            0x00000000   Number         0  entry10a.o ABSOLUTE
    ../clib/microlib/init/entry.s            0x00000000   Number         0  entry9b.o ABSOLUTE
    ../clib/microlib/init/entry.s            0x00000000   Number         0  entry9a.o ABSOLUTE
    ../clib/microlib/init/entry.s            0x00000000   Number         0  entry8b.o ABSOLUTE
    ../clib/microlib/init/entry.s            0x00000000   Number         0  entry.o ABSOLUTE
    ../clib/microlib/init/entry.s            0x00000000   Number         0  entry8a.o ABSOLUTE
    ../clib/microlib/init/entry.s            0x00000000   Number         0  entry7b.o ABSOLUTE
    ../clib/microlib/init/entry.s            0x00000000   Number         0  entry7a.o ABSOLUTE
    ../clib/microlib/init/entry.s            0x00000000   Number         0  entry5.o ABSOLUTE
    ../clib/microlib/init/entry.s            0x00000000   Number         0  entry2.o ABSOLUTE
    ../clib/microlib/longlong.c              0x00000000   Number         0  llsshr.o ABSOLUTE
    ../clib/microlib/longlong.c              0x00000000   Number         0  llushr.o ABSOLUTE
    ../clib/microlib/longlong.c              0x00000000   Number         0  llshl.o ABSOLUTE
    ../clib/microlib/string/memset.c         0x00000000   Number         0  memseta.o ABSOLUTE
    ../clib/microlib/stubs.s                 0x00000000   Number         0  iusefp.o ABSOLUTE
    ../fplib/microlib/d2f.c                  0x00000000   Number         0  d2f.o ABSOLUTE
    ../fplib/microlib/f2d.c                  0x00000000   Number         0  f2d.o ABSOLUTE
    ../fplib/microlib/fpadd.c                0x00000000   Number         0  dadd.o ABSOLUTE
    ../fplib/microlib/fpadd.c                0x00000000   Number         0  fadd.o ABSOLUTE
    ../fplib/microlib/fpdiv.c                0x00000000   Number         0  ddiv.o ABSOLUTE
    ../fplib/microlib/fpdiv.c                0x00000000   Number         0  fdiv.o ABSOLUTE
    ../fplib/microlib/fpepilogue.c           0x00000000   Number         0  depilogue.o ABSOLUTE
    ../fplib/microlib/fpepilogue.c           0x00000000   Number         0  fepilogue.o ABSOLUTE
    ../fplib/microlib/fpfix.c                0x00000000   Number         0  dfixi.o ABSOLUTE
    ../fplib/microlib/fpflt.c                0x00000000   Number         0  fflti.o ABSOLUTE
    ../fplib/microlib/fpmul.c                0x00000000   Number         0  dmul.o ABSOLUTE
    ../fplib/microlib/fpmul.c                0x00000000   Number         0  fmul.o ABSOLUTE
    ../fplib/microlib/fpscalb.c              0x00000000   Number         0  dscalb.o ABSOLUTE
    ..\..\Libraries\StdPeriph_Driver\src\misc.c 0x00000000   Number         0  misc.o ABSOLUTE
    ..\..\Libraries\StdPeriph_Driver\src\stm32f10x_adc.c 0x00000000   Number         0  stm32f10x_adc.o ABSOLUTE
    ..\..\Libraries\StdPeriph_Driver\src\stm32f10x_can.c 0x00000000   Number         0  stm32f10x_can.o ABSOLUTE
    ..\..\Libraries\StdPeriph_Driver\src\stm32f10x_dma.c 0x00000000   Number         0  stm32f10x_dma.o ABSOLUTE
    ..\..\Libraries\StdPeriph_Driver\src\stm32f10x_exti.c 0x00000000   Number         0  stm32f10x_exti.o ABSOLUTE
    ..\..\Libraries\StdPeriph_Driver\src\stm32f10x_flash.c 0x00000000   Number         0  stm32f10x_flash.o ABSOLUTE
    ..\..\Libraries\StdPeriph_Driver\src\stm32f10x_gpio.c 0x00000000   Number         0  stm32f10x_gpio.o ABSOLUTE
    ..\..\Libraries\StdPeriph_Driver\src\stm32f10x_rcc.c 0x00000000   Number         0  stm32f10x_rcc.o ABSOLUTE
    ..\..\Libraries\StdPeriph_Driver\src\stm32f10x_spi.c 0x00000000   Number         0  stm32f10x_spi.o ABSOLUTE
    ..\..\Libraries\StdPeriph_Driver\src\stm32f10x_tim.c 0x00000000   Number         0  stm32f10x_tim.o ABSOLUTE
    ..\..\Libraries\StdPeriph_Driver\src\stm32f10x_usart.c 0x00000000   Number         0  stm32f10x_usart.o ABSOLUTE
    ..\..\Libraries\cmsis\core_cm3.c         0x00000000   Number         0  core_cm3.o ABSOLUTE
    ..\..\Libraries\cmsis\system_stm32f10x.c 0x00000000   Number         0  system_stm32f10x.o ABSOLUTE
    ..\..\Libraries\startup\arm\startup_stm32f10x_md.s 0x00000000   Number         0  startup_stm32f10x_md.o ABSOLUTE
    ..\..\User\SRC\GlobalVars.c              0x00000000   Number         0  globalvars.o ABSOLUTE
    ..\..\User\SRC\ad.c                      0x00000000   Number         0  ad.o ABSOLUTE
    ..\..\User\SRC\delay.c                   0x00000000   Number         0  delay.o ABSOLUTE
    ..\..\User\SRC\encoder.c                 0x00000000   Number         0  encoder.o ABSOLUTE
    ..\..\User\SRC\main.c                    0x00000000   Number         0  main.o ABSOLUTE
    ..\..\User\SRC\pid.c                     0x00000000   Number         0  pid.o ABSOLUTE
    ..\..\User\SRC\pwm.c                     0x00000000   Number         0  pwm.o ABSOLUTE
    ..\..\User\SRC\stm32f10x_it.c            0x00000000   Number         0  stm32f10x_it.o ABSOLUTE
    ..\..\User\SRC\tim2.c                    0x00000000   Number         0  tim2.o ABSOLUTE
    ..\..\User\SRC\usart2.c                  0x00000000   Number         0  usart2.o ABSOLUTE
    ..\\..\\Libraries\\cmsis\\core_cm3.c     0x00000000   Number         0  core_cm3.o ABSOLUTE
    cdcmple.s                                0x00000000   Number         0  cdcmple.o ABSOLUTE
    cdrcmple.s                               0x00000000   Number         0  cdrcmple.o ABSOLUTE
    dc.s                                     0x00000000   Number         0  dc.o ABSOLUTE
    handlers.s                               0x00000000   Number         0  handlers.o ABSOLUTE
    init.s                                   0x00000000   Number         0  init.o ABSOLUTE
    RESET                                    0x08000000   Section      236  startup_stm32f10x_md.o(RESET)
    .ARM.Collect$$$$00000000                 0x080000ec   Section        0  entry.o(.ARM.Collect$$$$00000000)
    .ARM.Collect$$$$00000001                 0x080000ec   Section        4  entry2.o(.ARM.Collect$$$$00000001)
    .ARM.Collect$$$$00000004                 0x080000f0   Section        4  entry5.o(.ARM.Collect$$$$00000004)
    .ARM.Collect$$$$00000008                 0x080000f4   Section        0  entry7b.o(.ARM.Collect$$$$00000008)
    .ARM.Collect$$$$0000000A                 0x080000f4   Section        0  entry8b.o(.ARM.Collect$$$$0000000A)
    .ARM.Collect$$$$0000000B                 0x080000f4   Section        8  entry9a.o(.ARM.Collect$$$$0000000B)
    .ARM.Collect$$$$0000000D                 0x080000fc   Section        0  entry10a.o(.ARM.Collect$$$$0000000D)
    .ARM.Collect$$$$0000000F                 0x080000fc   Section        0  entry11a.o(.ARM.Collect$$$$0000000F)
    .ARM.Collect$$$$00002712                 0x080000fc   Section        4  entry2.o(.ARM.Collect$$$$00002712)
    __lit__00000000                          0x080000fc   Data           4  entry2.o(.ARM.Collect$$$$00002712)
    .text                                    0x08000100   Section        0  main.o(.text)
    .text                                    0x08000204   Section        0  encoder.o(.text)
    .text                                    0x08000280   Section        0  pwm.o(.text)
    .text                                    0x080003f0   Section        0  stm32f10x_it.o(.text)
    .text                                    0x08000404   Section        0  tim2.o(.text)
    .text                                    0x080004d8   Section        0  usart2.o(.text)
    .text                                    0x080005d0   Section        0  pid.o(.text)
    .text                                    0x08000834   Section        0  globalvars.o(.text)
    .text                                    0x08000918   Section        0  ad.o(.text)
    .text                                    0x08000b30   Section        0  misc.o(.text)
    .text                                    0x08000be0   Section        0  stm32f10x_rcc.o(.text)
    .text                                    0x08000e98   Section        0  stm32f10x_gpio.o(.text)
    .text                                    0x080010fc   Section        0  stm32f10x_adc.o(.text)
    .text                                    0x0800142c   Section        0  stm32f10x_dma.o(.text)
    .text                                    0x080015f4   Section        0  stm32f10x_tim.o(.text)
    TI2_Config                               0x08001987   Thumb Code   166  stm32f10x_tim.o(.text)
    TI1_Config                               0x08001a3d   Thumb Code    88  stm32f10x_tim.o(.text)
    .text                                    0x080020e8   Section        0  stm32f10x_usart.o(.text)
    .text                                    0x08002418   Section        0  system_stm32f10x.o(.text)
    SetSysClockTo72                          0x08002419   Thumb Code   160  system_stm32f10x.o(.text)
    .text                                    0x08002570   Section       36  startup_stm32f10x_md.o(.text)
    .text                                    0x08002594   Section        0  memseta.o(.text)
    .text                                    0x080025b8   Section        0  fadd.o(.text)
    .text                                    0x08002668   Section        0  fmul.o(.text)
    .text                                    0x080026d4   Section        0  fdiv.o(.text)
    .text                                    0x08002754   Section        0  dadd.o(.text)
    .text                                    0x080028a2   Section        0  dmul.o(.text)
    .text                                    0x08002986   Section        0  ddiv.o(.text)
    .text                                    0x08002a64   Section        0  dscalb.o(.text)
    .text                                    0x08002a92   Section        0  fflti.o(.text)
    .text                                    0x08002aa4   Section        0  dfixi.o(.text)
    .text                                    0x08002ae2   Section        0  f2d.o(.text)
    .text                                    0x08002b08   Section       40  cdcmple.o(.text)
    .text                                    0x08002b30   Section       40  cdrcmple.o(.text)
    .text                                    0x08002b58   Section        0  d2f.o(.text)
    .text                                    0x08002b90   Section        0  llshl.o(.text)
    .text                                    0x08002bae   Section        0  llushr.o(.text)
    .text                                    0x08002bce   Section        0  llsshr.o(.text)
    .text                                    0x08002bf2   Section        0  fepilogue.o(.text)
    .text                                    0x08002bf2   Section        0  iusefp.o(.text)
    .text                                    0x08002c5e   Section        0  depilogue.o(.text)
    .text                                    0x08002d1c   Section       36  init.o(.text)
    i.__scatterload_copy                     0x08002d40   Section       14  handlers.o(i.__scatterload_copy)
    i.__scatterload_null                     0x08002d4e   Section        2  handlers.o(i.__scatterload_null)
    i.__scatterload_zeroinit                 0x08002d50   Section       14  handlers.o(i.__scatterload_zeroinit)
    .data                                    0x20000000   Section        1  main.o(.data)
    .data                                    0x20000001   Section        1  encoder.o(.data)
    first_flag                               0x20000001   Data           1  encoder.o(.data)
    .data                                    0x20000004   Section        4  tim2.o(.data)
    .data                                    0x20000008   Section        1  globalvars.o(.data)
    .data                                    0x20000009   Section        1  globalvars.o(.data)
    .data                                    0x2000000a   Section        1  globalvars.o(.data)
    .data                                    0x2000000b   Section        1  globalvars.o(.data)
    .data                                    0x2000000c   Section        4  globalvars.o(.data)
    .data                                    0x20000010   Section        4  globalvars.o(.data)
    .data                                    0x20000014   Section        4  globalvars.o(.data)
    .data                                    0x20000018   Section        4  globalvars.o(.data)
    .data                                    0x2000001c   Section        4  globalvars.o(.data)
    .data                                    0x20000020   Section        4  globalvars.o(.data)
    .data                                    0x20000024   Section       44  ad.o(.data)
    .data                                    0x20000050   Section       20  stm32f10x_rcc.o(.data)
    ADCPrescTable                            0x20000050   Data           4  stm32f10x_rcc.o(.data)
    APBAHBPrescTable                         0x20000054   Data          16  stm32f10x_rcc.o(.data)
    .data                                    0x20000064   Section       20  system_stm32f10x.o(.data)
    .bss                                     0x20000078   Section      504  globalvars.o(.bss)
    .bss                                     0x20000270   Section      110  ad.o(.bss)
    STACK                                    0x200002e0   Section     1024  startup_stm32f10x_md.o(STACK)

    Global Symbols

    Symbol Name                              Value     Ov Type        Size  Object(Section)

    BuildAttributes$$THM_ISAv4$P$D$K$B$S$PE$A:L22UL41UL21$X:L11$S22US41US21$IEEE1$IW$USESV6$~STKCKD$USESV7$~SHL$OTIME$ROPI$EBA8$MICROLIB$REQ8$PRES8$EABIv2 0x00000000   Number         0  anon$$obj.o ABSOLUTE
    __ARM_use_no_argv                        0x00000000   Number         0  main.o ABSOLUTE
    __cpp_initialize__aeabi_                  - Undefined Weak Reference
    __cxa_finalize                            - Undefined Weak Reference
    __decompress                              - Undefined Weak Reference
    _clock_init                               - Undefined Weak Reference
    _microlib_exit                            - Undefined Weak Reference
    __Vectors_Size                           0x000000ec   Number         0  startup_stm32f10x_md.o ABSOLUTE
    __Vectors                                0x08000000   Data           4  startup_stm32f10x_md.o(RESET)
    __Vectors_End                            0x080000ec   Data           0  startup_stm32f10x_md.o(RESET)
    __main                                   0x080000ed   Thumb Code     0  entry.o(.ARM.Collect$$$$00000000)
    _main_stk                                0x080000ed   Thumb Code     0  entry2.o(.ARM.Collect$$$$00000001)
    _main_scatterload                        0x080000f1   Thumb Code     0  entry5.o(.ARM.Collect$$$$00000004)
    __main_after_scatterload                 0x080000f5   Thumb Code     0  entry5.o(.ARM.Collect$$$$00000004)
    _main_clock                              0x080000f5   Thumb Code     0  entry7b.o(.ARM.Collect$$$$00000008)
    _main_cpp_init                           0x080000f5   Thumb Code     0  entry8b.o(.ARM.Collect$$$$0000000A)
    _main_init                               0x080000f5   Thumb Code     0  entry9a.o(.ARM.Collect$$$$0000000B)
    __rt_final_cpp                           0x080000fd   Thumb Code     0  entry10a.o(.ARM.Collect$$$$0000000D)
    __rt_final_exit                          0x080000fd   Thumb Code     0  entry11a.o(.ARM.Collect$$$$0000000F)
    main                                     0x08000101   Thumb Code   214  main.o(.text)
    Encoder_Start                            0x08000205   Thumb Code    10  encoder.o(.text)
    Encoder_Configuration                    0x0800020f   Thumb Code    72  encoder.o(.text)
    Encoder_Get_CNT                          0x08000257   Thumb Code    28  encoder.o(.text)
    PWM_Configuration                        0x08000281   Thumb Code   202  pwm.o(.text)
    Motor_PWM_Run                            0x0800034b   Thumb Code    84  pwm.o(.text)
    Motor_Free                               0x0800039f   Thumb Code    34  pwm.o(.text)
    Motor_Break                              0x080003c1   Thumb Code    36  pwm.o(.text)
    NMI_Handler                              0x080003f1   Thumb Code     2  stm32f10x_it.o(.text)
    HardFault_Handler                        0x080003f3   Thumb Code     2  stm32f10x_it.o(.text)
    MemManage_Handler                        0x080003f5   Thumb Code     2  stm32f10x_it.o(.text)
    BusFault_Handler                         0x080003f7   Thumb Code     2  stm32f10x_it.o(.text)
    UsageFault_Handler                       0x080003f9   Thumb Code     2  stm32f10x_it.o(.text)
    SVC_Handler                              0x080003fb   Thumb Code     2  stm32f10x_it.o(.text)
    DebugMon_Handler                         0x080003fd   Thumb Code     2  stm32f10x_it.o(.text)
    PendSV_Handler                           0x080003ff   Thumb Code     2  stm32f10x_it.o(.text)
    SysTick_Handler                          0x08000401   Thumb Code     2  stm32f10x_it.o(.text)
    TIM2_Start                               0x08000405   Thumb Code    34  tim2.o(.text)
    TIM2_Configuration                       0x08000427   Thumb Code    76  tim2.o(.text)
    TIM2_IRQHandler                          0x08000473   Thumb Code    80  tim2.o(.text)
    USART2_Configuration                     0x080004d9   Thumb Code   180  usart2.o(.text)
    USART2_SendChar                          0x0800058d   Thumb Code    30  usart2.o(.text)
    fputc                                    0x080005ab   Thumb Code    30  usart2.o(.text)
    PID_Init                                 0x080005d1   Thumb Code     6  pid.o(.text)
    PID_SetParam                             0x080005d7   Thumb Code    70  pid.o(.text)
    PID_Calc                                 0x0800061d   Thumb Code   536  pid.o(.text)
    PID_InitALL                              0x08000835   Thumb Code   194  globalvars.o(.text)
    ADC_Configuration                        0x08000919   Thumb Code   260  ad.o(.text)
    ADC_Filter                               0x08000a1d   Thumb Code    72  ad.o(.text)
    DMA1_Channel1_IRQHandler                 0x08000a65   Thumb Code   164  ad.o(.text)
    NVIC_PriorityGroupConfig                 0x08000b31   Thumb Code    10  misc.o(.text)
    NVIC_Init                                0x08000b3b   Thumb Code    90  misc.o(.text)
    NVIC_SetVectorTable                      0x08000b95   Thumb Code    14  misc.o(.text)
    NVIC_SystemLPConfig                      0x08000ba3   Thumb Code    20  misc.o(.text)
    SysTick_CLKSourceConfig                  0x08000bb7   Thumb Code    24  misc.o(.text)
    RCC_DeInit                               0x08000be1   Thumb Code    50  stm32f10x_rcc.o(.text)
    RCC_HSEConfig                            0x08000c13   Thumb Code    48  stm32f10x_rcc.o(.text)
    RCC_GetFlagStatus                        0x08000c43   Thumb Code    42  stm32f10x_rcc.o(.text)
    RCC_WaitForHSEStartUp                    0x08000c6d   Thumb Code    44  stm32f10x_rcc.o(.text)
    RCC_AdjustHSICalibrationValue            0x08000c99   Thumb Code    16  stm32f10x_rcc.o(.text)
    RCC_HSICmd                               0x08000ca9   Thumb Code     6  stm32f10x_rcc.o(.text)
    RCC_PLLConfig                            0x08000caf   Thumb Code    16  stm32f10x_rcc.o(.text)
    RCC_PLLCmd                               0x08000cbf   Thumb Code     6  stm32f10x_rcc.o(.text)
    RCC_SYSCLKConfig                         0x08000cc5   Thumb Code    14  stm32f10x_rcc.o(.text)
    RCC_GetSYSCLKSource                      0x08000cd3   Thumb Code    10  stm32f10x_rcc.o(.text)
    RCC_HCLKConfig                           0x08000cdd   Thumb Code    14  stm32f10x_rcc.o(.text)
    RCC_PCLK1Config                          0x08000ceb   Thumb Code    14  stm32f10x_rcc.o(.text)
    RCC_PCLK2Config                          0x08000cf9   Thumb Code    16  stm32f10x_rcc.o(.text)
    RCC_ITConfig                             0x08000d09   Thumb Code    18  stm32f10x_rcc.o(.text)
    RCC_USBCLKConfig                         0x08000d1b   Thumb Code     8  stm32f10x_rcc.o(.text)
    RCC_ADCCLKConfig                         0x08000d23   Thumb Code    14  stm32f10x_rcc.o(.text)
    RCC_LSEConfig                            0x08000d31   Thumb Code    28  stm32f10x_rcc.o(.text)
    RCC_LSICmd                               0x08000d4d   Thumb Code     6  stm32f10x_rcc.o(.text)
    RCC_RTCCLKConfig                         0x08000d53   Thumb Code    10  stm32f10x_rcc.o(.text)
    RCC_RTCCLKCmd                            0x08000d5d   Thumb Code     8  stm32f10x_rcc.o(.text)
    RCC_GetClocksFreq                        0x08000d65   Thumb Code   130  stm32f10x_rcc.o(.text)
    RCC_AHBPeriphClockCmd                    0x08000de7   Thumb Code    18  stm32f10x_rcc.o(.text)
    RCC_APB2PeriphClockCmd                   0x08000df9   Thumb Code    18  stm32f10x_rcc.o(.text)
    RCC_APB1PeriphClockCmd                   0x08000e0b   Thumb Code    18  stm32f10x_rcc.o(.text)
    RCC_APB2PeriphResetCmd                   0x08000e1d   Thumb Code    18  stm32f10x_rcc.o(.text)
    RCC_APB1PeriphResetCmd                   0x08000e2f   Thumb Code    18  stm32f10x_rcc.o(.text)
    RCC_BackupResetCmd                       0x08000e41   Thumb Code     8  stm32f10x_rcc.o(.text)
    RCC_ClockSecuritySystemCmd               0x08000e49   Thumb Code     6  stm32f10x_rcc.o(.text)
    RCC_MCOConfig                            0x08000e4f   Thumb Code     6  stm32f10x_rcc.o(.text)
    RCC_ClearFlag                            0x08000e55   Thumb Code    12  stm32f10x_rcc.o(.text)
    RCC_GetITStatus                          0x08000e61   Thumb Code    16  stm32f10x_rcc.o(.text)
    RCC_ClearITPendingBit                    0x08000e71   Thumb Code     6  stm32f10x_rcc.o(.text)
    GPIO_DeInit                              0x08000e99   Thumb Code   152  stm32f10x_gpio.o(.text)
    GPIO_AFIODeInit                          0x08000f31   Thumb Code    22  stm32f10x_gpio.o(.text)
    GPIO_Init                                0x08000f47   Thumb Code   156  stm32f10x_gpio.o(.text)
    GPIO_StructInit                          0x08000fe3   Thumb Code    16  stm32f10x_gpio.o(.text)
    GPIO_ReadInputDataBit                    0x08000ff3   Thumb Code    14  stm32f10x_gpio.o(.text)
    GPIO_ReadInputData                       0x08001001   Thumb Code     6  stm32f10x_gpio.o(.text)
    GPIO_ReadOutputDataBit                   0x08001007   Thumb Code    14  stm32f10x_gpio.o(.text)
    GPIO_ReadOutputData                      0x08001015   Thumb Code     6  stm32f10x_gpio.o(.text)
    GPIO_SetBits                             0x0800101b   Thumb Code     4  stm32f10x_gpio.o(.text)
    GPIO_ResetBits                           0x0800101f   Thumb Code     4  stm32f10x_gpio.o(.text)
    GPIO_WriteBit                            0x08001023   Thumb Code    10  stm32f10x_gpio.o(.text)
    GPIO_Write                               0x0800102d   Thumb Code     4  stm32f10x_gpio.o(.text)
    GPIO_PinLockConfig                       0x08001031   Thumb Code    16  stm32f10x_gpio.o(.text)
    GPIO_EventOutputConfig                   0x08001041   Thumb Code    22  stm32f10x_gpio.o(.text)
    GPIO_EventOutputCmd                      0x08001057   Thumb Code     6  stm32f10x_gpio.o(.text)
    GPIO_PinRemapConfig                      0x0800105d   Thumb Code    82  stm32f10x_gpio.o(.text)
    GPIO_EXTILineConfig                      0x080010af   Thumb Code    34  stm32f10x_gpio.o(.text)
    GPIO_ETH_MediaInterfaceConfig            0x080010d1   Thumb Code     8  stm32f10x_gpio.o(.text)
    ADC_DeInit                               0x080010fd   Thumb Code    56  stm32f10x_adc.o(.text)
    ADC_Init                                 0x08001135   Thumb Code    62  stm32f10x_adc.o(.text)
    ADC_StructInit                           0x08001173   Thumb Code    18  stm32f10x_adc.o(.text)
    ADC_Cmd                                  0x08001185   Thumb Code    20  stm32f10x_adc.o(.text)
    ADC_DMACmd                               0x08001199   Thumb Code    20  stm32f10x_adc.o(.text)
    ADC_ITConfig                             0x080011ad   Thumb Code    18  stm32f10x_adc.o(.text)
    ADC_ResetCalibration                     0x080011bf   Thumb Code    10  stm32f10x_adc.o(.text)
    ADC_GetResetCalibrationStatus            0x080011c9   Thumb Code    14  stm32f10x_adc.o(.text)
    ADC_StartCalibration                     0x080011d7   Thumb Code    10  stm32f10x_adc.o(.text)
    ADC_GetCalibrationStatus                 0x080011e1   Thumb Code    14  stm32f10x_adc.o(.text)
    ADC_SoftwareStartConvCmd                 0x080011ef   Thumb Code    20  stm32f10x_adc.o(.text)
    ADC_GetSoftwareStartConvStatus           0x08001203   Thumb Code    14  stm32f10x_adc.o(.text)
    ADC_DiscModeChannelCountConfig           0x08001211   Thumb Code    16  stm32f10x_adc.o(.text)
    ADC_DiscModeCmd                          0x08001221   Thumb Code    20  stm32f10x_adc.o(.text)
    ADC_RegularChannelConfig                 0x08001235   Thumb Code   116  stm32f10x_adc.o(.text)
    ADC_ExternalTrigConvCmd                  0x080012a9   Thumb Code    20  stm32f10x_adc.o(.text)
    ADC_GetConversionValue                   0x080012bd   Thumb Code     6  stm32f10x_adc.o(.text)
    ADC_GetDualModeConversionValue           0x080012c3   Thumb Code     8  stm32f10x_adc.o(.text)
    ADC_AutoInjectedConvCmd                  0x080012cb   Thumb Code    20  stm32f10x_adc.o(.text)
    ADC_InjectedDiscModeCmd                  0x080012df   Thumb Code    20  stm32f10x_adc.o(.text)
    ADC_ExternalTrigInjectedConvConfig       0x080012f3   Thumb Code    12  stm32f10x_adc.o(.text)
    ADC_ExternalTrigInjectedConvCmd          0x080012ff   Thumb Code    20  stm32f10x_adc.o(.text)
    ADC_SoftwareStartInjectedConvCmd         0x08001313   Thumb Code    20  stm32f10x_adc.o(.text)
    ADC_GetSoftwareStartInjectedConvCmdStatus 0x08001327   Thumb Code    14  stm32f10x_adc.o(.text)
    ADC_InjectedChannelConfig                0x08001335   Thumb Code    74  stm32f10x_adc.o(.text)
    ADC_InjectedSequencerLengthConfig        0x0800137f   Thumb Code    16  stm32f10x_adc.o(.text)
    ADC_SetInjectedOffset                    0x0800138f   Thumb Code    10  stm32f10x_adc.o(.text)
    ADC_GetInjectedConversionValue           0x08001399   Thumb Code    14  stm32f10x_adc.o(.text)
    ADC_AnalogWatchdogCmd                    0x080013a7   Thumb Code    12  stm32f10x_adc.o(.text)
    ADC_AnalogWatchdogThresholdsConfig       0x080013b3   Thumb Code     6  stm32f10x_adc.o(.text)
    ADC_AnalogWatchdogSingleChannelConfig    0x080013b9   Thumb Code    12  stm32f10x_adc.o(.text)
    ADC_TempSensorVrefintCmd                 0x080013c5   Thumb Code    24  stm32f10x_adc.o(.text)
    ADC_GetFlagStatus                        0x080013dd   Thumb Code    14  stm32f10x_adc.o(.text)
    ADC_ClearFlag                            0x080013eb   Thumb Code     6  stm32f10x_adc.o(.text)
    ADC_GetITStatus                          0x080013f1   Thumb Code    28  stm32f10x_adc.o(.text)
    ADC_ClearITPendingBit                    0x0800140d   Thumb Code     8  stm32f10x_adc.o(.text)
    DMA_DeInit                               0x0800142d   Thumb Code   218  stm32f10x_dma.o(.text)
    DMA_Init                                 0x08001507   Thumb Code    58  stm32f10x_dma.o(.text)
    DMA_StructInit                           0x08001541   Thumb Code    26  stm32f10x_dma.o(.text)
    DMA_Cmd                                  0x0800155b   Thumb Code    22  stm32f10x_dma.o(.text)
    DMA_ITConfig                             0x08001571   Thumb Code    16  stm32f10x_dma.o(.text)
    DMA_SetCurrDataCounter                   0x08001581   Thumb Code     4  stm32f10x_dma.o(.text)
    DMA_GetCurrDataCounter                   0x08001585   Thumb Code     6  stm32f10x_dma.o(.text)
    DMA_GetFlagStatus                        0x0800158b   Thumb Code    28  stm32f10x_dma.o(.text)
    DMA_ClearFlag                            0x080015a7   Thumb Code    20  stm32f10x_dma.o(.text)
    DMA_GetITStatus                          0x080015bb   Thumb Code    28  stm32f10x_dma.o(.text)
    DMA_ClearITPendingBit                    0x080015d7   Thumb Code    20  stm32f10x_dma.o(.text)
    TIM_DeInit                               0x080015f5   Thumb Code   304  stm32f10x_tim.o(.text)
    TIM_TimeBaseInit                         0x08001725   Thumb Code   114  stm32f10x_tim.o(.text)
    TIM_OC1Init                              0x08001797   Thumb Code   106  stm32f10x_tim.o(.text)
    TIM_OC2Init                              0x08001801   Thumb Code   120  stm32f10x_tim.o(.text)
    TIM_OC3Init                              0x08001879   Thumb Code   116  stm32f10x_tim.o(.text)
    TIM_OC4Init                              0x080018ed   Thumb Code    90  stm32f10x_tim.o(.text)
    TIM_SetIC4Prescaler                      0x08001947   Thumb Code    24  stm32f10x_tim.o(.text)
    TIM_SetIC3Prescaler                      0x0800195f   Thumb Code    16  stm32f10x_tim.o(.text)
    TIM_SetIC2Prescaler                      0x0800196f   Thumb Code    24  stm32f10x_tim.o(.text)
    TIM_SetIC1Prescaler                      0x08001a2d   Thumb Code    16  stm32f10x_tim.o(.text)
    TIM_ICInit                               0x08001a95   Thumb Code   272  stm32f10x_tim.o(.text)
    TIM_PWMIConfig                           0x08001ba5   Thumb Code   104  stm32f10x_tim.o(.text)
    TIM_BDTRConfig                           0x08001c0d   Thumb Code    34  stm32f10x_tim.o(.text)
    TIM_TimeBaseStructInit                   0x08001c2f   Thumb Code    18  stm32f10x_tim.o(.text)
    TIM_OCStructInit                         0x08001c41   Thumb Code    20  stm32f10x_tim.o(.text)
    TIM_ICStructInit                         0x08001c55   Thumb Code    16  stm32f10x_tim.o(.text)
    TIM_BDTRStructInit                       0x08001c65   Thumb Code    18  stm32f10x_tim.o(.text)
    TIM_Cmd                                  0x08001c77   Thumb Code    20  stm32f10x_tim.o(.text)
    TIM_CtrlPWMOutputs                       0x08001c8b   Thumb Code    22  stm32f10x_tim.o(.text)
    TIM_ITConfig                             0x08001ca1   Thumb Code    16  stm32f10x_tim.o(.text)
    TIM_GenerateEvent                        0x08001cb1   Thumb Code     4  stm32f10x_tim.o(.text)
    TIM_DMAConfig                            0x08001cb5   Thumb Code     8  stm32f10x_tim.o(.text)
    TIM_DMACmd                               0x08001cbd   Thumb Code    16  stm32f10x_tim.o(.text)
    TIM_InternalClockConfig                  0x08001ccd   Thumb Code    10  stm32f10x_tim.o(.text)
    TIM_SelectInputTrigger                   0x08001cd7   Thumb Code    12  stm32f10x_tim.o(.text)
    TIM_ITRxExternalClockConfig              0x08001ce3   Thumb Code    18  stm32f10x_tim.o(.text)
    TIM_TIxExternalClockConfig               0x08001cf5   Thumb Code    46  stm32f10x_tim.o(.text)
    TIM_ETRConfig                            0x08001d23   Thumb Code    24  stm32f10x_tim.o(.text)
    TIM_ETRClockMode1Config                  0x08001d3b   Thumb Code    18  stm32f10x_tim.o(.text)
    TIM_ETRClockMode2Config                  0x08001d4d   Thumb Code    18  stm32f10x_tim.o(.text)
    TIM_PrescalerConfig                      0x08001d5f   Thumb Code     6  stm32f10x_tim.o(.text)
    TIM_CounterModeConfig                    0x08001d65   Thumb Code    12  stm32f10x_tim.o(.text)
    TIM_EncoderInterfaceConfig               0x08001d71   Thumb Code    50  stm32f10x_tim.o(.text)
    TIM_ForcedOC1Config                      0x08001da3   Thumb Code    12  stm32f10x_tim.o(.text)
    TIM_ForcedOC2Config                      0x08001daf   Thumb Code    20  stm32f10x_tim.o(.text)
    TIM_ForcedOC3Config                      0x08001dc3   Thumb Code    12  stm32f10x_tim.o(.text)
    TIM_ForcedOC4Config                      0x08001dcf   Thumb Code    20  stm32f10x_tim.o(.text)
    TIM_ARRPreloadConfig                     0x08001de3   Thumb Code    20  stm32f10x_tim.o(.text)
    TIM_SelectCOM                            0x08001df7   Thumb Code    20  stm32f10x_tim.o(.text)
    TIM_SelectCCDMA                          0x08001e0b   Thumb Code    20  stm32f10x_tim.o(.text)
    TIM_CCPreloadControl                     0x08001e1f   Thumb Code    20  stm32f10x_tim.o(.text)
    TIM_OC1PreloadConfig                     0x08001e33   Thumb Code    34  stm32f10x_tim.o(.text)
    TIM_OC2PreloadConfig                     0x08001e55   Thumb Code    20  stm32f10x_tim.o(.text)
    TIM_OC3PreloadConfig                     0x08001e69   Thumb Code    12  stm32f10x_tim.o(.text)
    TIM_OC4PreloadConfig                     0x08001e75   Thumb Code    20  stm32f10x_tim.o(.text)
    TIM_OC1FastConfig                        0x08001e89   Thumb Code    12  stm32f10x_tim.o(.text)
    TIM_OC2FastConfig                        0x08001e95   Thumb Code    20  stm32f10x_tim.o(.text)
    TIM_OC3FastConfig                        0x08001ea9   Thumb Code    12  stm32f10x_tim.o(.text)
    TIM_OC4FastConfig                        0x08001eb5   Thumb Code    20  stm32f10x_tim.o(.text)
    TIM_ClearOC1Ref                          0x08001ec9   Thumb Code    12  stm32f10x_tim.o(.text)
    TIM_ClearOC2Ref                          0x08001ed5   Thumb Code    20  stm32f10x_tim.o(.text)
    TIM_ClearOC3Ref                          0x08001ee9   Thumb Code    12  stm32f10x_tim.o(.text)
    TIM_ClearOC4Ref                          0x08001ef5   Thumb Code    20  stm32f10x_tim.o(.text)
    TIM_OC1PolarityConfig                    0x08001f09   Thumb Code    12  stm32f10x_tim.o(.text)
    TIM_OC1NPolarityConfig                   0x08001f15   Thumb Code    12  stm32f10x_tim.o(.text)
    TIM_OC2PolarityConfig                    0x08001f21   Thumb Code    20  stm32f10x_tim.o(.text)
    TIM_OC2NPolarityConfig                   0x08001f35   Thumb Code    20  stm32f10x_tim.o(.text)
    TIM_OC3PolarityConfig                    0x08001f49   Thumb Code    20  stm32f10x_tim.o(.text)
    TIM_OC3NPolarityConfig                   0x08001f5d   Thumb Code    20  stm32f10x_tim.o(.text)
    TIM_OC4PolarityConfig                    0x08001f71   Thumb Code    20  stm32f10x_tim.o(.text)
    TIM_CCxCmd                               0x08001f85   Thumb Code    22  stm32f10x_tim.o(.text)
    TIM_CCxNCmd                              0x08001f9b   Thumb Code    22  stm32f10x_tim.o(.text)
    TIM_SelectOCxM                           0x08001fb1   Thumb Code    70  stm32f10x_tim.o(.text)
    TIM_UpdateDisableConfig                  0x08001ff7   Thumb Code    20  stm32f10x_tim.o(.text)
    TIM_UpdateRequestConfig                  0x0800200b   Thumb Code    20  stm32f10x_tim.o(.text)
    TIM_SelectHallSensor                     0x0800201f   Thumb Code    20  stm32f10x_tim.o(.text)
    TIM_SelectOnePulseMode                   0x08002033   Thumb Code    16  stm32f10x_tim.o(.text)
    TIM_SelectOutputTrigger                  0x08002043   Thumb Code    16  stm32f10x_tim.o(.text)
    TIM_SelectSlaveMode                      0x08002053   Thumb Code    16  stm32f10x_tim.o(.text)
    TIM_SelectMasterSlaveMode                0x08002063   Thumb Code    16  stm32f10x_tim.o(.text)
    TIM_SetCounter                           0x08002073   Thumb Code     4  stm32f10x_tim.o(.text)
    TIM_SetAutoreload                        0x08002077   Thumb Code     4  stm32f10x_tim.o(.text)
    TIM_SetCompare1                          0x0800207b   Thumb Code     4  stm32f10x_tim.o(.text)
    TIM_SetCompare2                          0x0800207f   Thumb Code     4  stm32f10x_tim.o(.text)
    TIM_SetCompare3                          0x08002083   Thumb Code     4  stm32f10x_tim.o(.text)
    TIM_SetCompare4                          0x08002087   Thumb Code     6  stm32f10x_tim.o(.text)
    TIM_SetClockDivision                     0x0800208d   Thumb Code    16  stm32f10x_tim.o(.text)
    TIM_GetCapture1                          0x0800209d   Thumb Code     4  stm32f10x_tim.o(.text)
    TIM_GetCapture2                          0x080020a1   Thumb Code     4  stm32f10x_tim.o(.text)
    TIM_GetCapture3                          0x080020a5   Thumb Code     4  stm32f10x_tim.o(.text)
    TIM_GetCapture4                          0x080020a9   Thumb Code     6  stm32f10x_tim.o(.text)
    TIM_GetCounter                           0x080020af   Thumb Code     4  stm32f10x_tim.o(.text)
    TIM_GetPrescaler                         0x080020b3   Thumb Code     4  stm32f10x_tim.o(.text)
    TIM_GetFlagStatus                        0x080020b7   Thumb Code    14  stm32f10x_tim.o(.text)
    TIM_ClearFlag                            0x080020c5   Thumb Code     6  stm32f10x_tim.o(.text)
    TIM_GetITStatus                          0x080020cb   Thumb Code    24  stm32f10x_tim.o(.text)
    TIM_ClearITPendingBit                    0x080020e3   Thumb Code     6  stm32f10x_tim.o(.text)
    USART_DeInit                             0x080020e9   Thumb Code    96  stm32f10x_usart.o(.text)
    USART_Init                               0x08002149   Thumb Code   176  stm32f10x_usart.o(.text)
    USART_StructInit                         0x080021f9   Thumb Code    22  stm32f10x_usart.o(.text)
    USART_ClockInit                          0x0800220f   Thumb Code    30  stm32f10x_usart.o(.text)
    USART_ClockStructInit                    0x0800222d   Thumb Code    12  stm32f10x_usart.o(.text)
    USART_Cmd                                0x08002239   Thumb Code    20  stm32f10x_usart.o(.text)
    USART_ITConfig                           0x0800224d   Thumb Code    48  stm32f10x_usart.o(.text)
    USART_DMACmd                             0x0800227d   Thumb Code    16  stm32f10x_usart.o(.text)
    USART_SetAddress                         0x0800228d   Thumb Code    16  stm32f10x_usart.o(.text)
    USART_WakeUpConfig                       0x0800229d   Thumb Code    16  stm32f10x_usart.o(.text)
    USART_ReceiverWakeUpCmd                  0x080022ad   Thumb Code    20  stm32f10x_usart.o(.text)
    USART_LINBreakDetectLengthConfig         0x080022c1   Thumb Code    16  stm32f10x_usart.o(.text)
    USART_LINCmd                             0x080022d1   Thumb Code    20  stm32f10x_usart.o(.text)
    USART_SendData                           0x080022e5   Thumb Code     8  stm32f10x_usart.o(.text)
    USART_ReceiveData                        0x080022ed   Thumb Code     8  stm32f10x_usart.o(.text)
    USART_SendBreak                          0x080022f5   Thumb Code    10  stm32f10x_usart.o(.text)
    USART_SetGuardTime                       0x080022ff   Thumb Code    16  stm32f10x_usart.o(.text)
    USART_SetPrescaler                       0x0800230f   Thumb Code    16  stm32f10x_usart.o(.text)
    USART_SmartCardCmd                       0x0800231f   Thumb Code    20  stm32f10x_usart.o(.text)
    USART_SmartCardNACKCmd                   0x08002333   Thumb Code    20  stm32f10x_usart.o(.text)
    USART_HalfDuplexCmd                      0x08002347   Thumb Code    20  stm32f10x_usart.o(.text)
    USART_OverSampling8Cmd                   0x0800235b   Thumb Code    20  stm32f10x_usart.o(.text)
    USART_OneBitMethodCmd                    0x0800236f   Thumb Code    20  stm32f10x_usart.o(.text)
    USART_IrDAConfig                         0x08002383   Thumb Code    16  stm32f10x_usart.o(.text)
    USART_IrDACmd                            0x08002393   Thumb Code    20  stm32f10x_usart.o(.text)
    USART_GetFlagStatus                      0x080023a7   Thumb Code    14  stm32f10x_usart.o(.text)
    USART_ClearFlag                          0x080023b5   Thumb Code     6  stm32f10x_usart.o(.text)
    USART_GetITStatus                        0x080023bb   Thumb Code    62  stm32f10x_usart.o(.text)
    USART_ClearITPendingBit                  0x080023f9   Thumb Code    12  stm32f10x_usart.o(.text)
    SystemInit                               0x080024b9   Thumb Code    64  system_stm32f10x.o(.text)
    SystemCoreClockUpdate                    0x080024f9   Thumb Code    86  system_stm32f10x.o(.text)
    Reset_Handler                            0x08002571   Thumb Code     8  startup_stm32f10x_md.o(.text)
    ADC1_2_IRQHandler                        0x0800258b   Thumb Code     0  startup_stm32f10x_md.o(.text)
    CAN1_RX1_IRQHandler                      0x0800258b   Thumb Code     0  startup_stm32f10x_md.o(.text)
    CAN1_SCE_IRQHandler                      0x0800258b   Thumb Code     0  startup_stm32f10x_md.o(.text)
    DMA1_Channel2_IRQHandler                 0x0800258b   Thumb Code     0  startup_stm32f10x_md.o(.text)
    DMA1_Channel3_IRQHandler                 0x0800258b   Thumb Code     0  startup_stm32f10x_md.o(.text)
    DMA1_Channel4_IRQHandler                 0x0800258b   Thumb Code     0  startup_stm32f10x_md.o(.text)
    DMA1_Channel5_IRQHandler                 0x0800258b   Thumb Code     0  startup_stm32f10x_md.o(.text)
    DMA1_Channel6_IRQHandler                 0x0800258b   Thumb Code     0  startup_stm32f10x_md.o(.text)
    DMA1_Channel7_IRQHandler                 0x0800258b   Thumb Code     0  startup_stm32f10x_md.o(.text)
    EXTI0_IRQHandler                         0x0800258b   Thumb Code     0  startup_stm32f10x_md.o(.text)
    EXTI15_10_IRQHandler                     0x0800258b   Thumb Code     0  startup_stm32f10x_md.o(.text)
    EXTI1_IRQHandler                         0x0800258b   Thumb Code     0  startup_stm32f10x_md.o(.text)
    EXTI2_IRQHandler                         0x0800258b   Thumb Code     0  startup_stm32f10x_md.o(.text)
    EXTI3_IRQHandler                         0x0800258b   Thumb Code     0  startup_stm32f10x_md.o(.text)
    EXTI4_IRQHandler                         0x0800258b   Thumb Code     0  startup_stm32f10x_md.o(.text)
    EXTI9_5_IRQHandler                       0x0800258b   Thumb Code     0  startup_stm32f10x_md.o(.text)
    FLASH_IRQHandler                         0x0800258b   Thumb Code     0  startup_stm32f10x_md.o(.text)
    I2C1_ER_IRQHandler                       0x0800258b   Thumb Code     0  startup_stm32f10x_md.o(.text)
    I2C1_EV_IRQHandler                       0x0800258b   Thumb Code     0  startup_stm32f10x_md.o(.text)
    I2C2_ER_IRQHandler                       0x0800258b   Thumb Code     0  startup_stm32f10x_md.o(.text)
    I2C2_EV_IRQHandler                       0x0800258b   Thumb Code     0  startup_stm32f10x_md.o(.text)
    PVD_IRQHandler                           0x0800258b   Thumb Code     0  startup_stm32f10x_md.o(.text)
    RCC_IRQHandler                           0x0800258b   Thumb Code     0  startup_stm32f10x_md.o(.text)
    RTCAlarm_IRQHandler                      0x0800258b   Thumb Code     0  startup_stm32f10x_md.o(.text)
    RTC_IRQHandler                           0x0800258b   Thumb Code     0  startup_stm32f10x_md.o(.text)
    SPI1_IRQHandler                          0x0800258b   Thumb Code     0  startup_stm32f10x_md.o(.text)
    SPI2_IRQHandler                          0x0800258b   Thumb Code     0  startup_stm32f10x_md.o(.text)
    TAMPER_IRQHandler                        0x0800258b   Thumb Code     0  startup_stm32f10x_md.o(.text)
    TIM1_BRK_IRQHandler                      0x0800258b   Thumb Code     0  startup_stm32f10x_md.o(.text)
    TIM1_CC_IRQHandler                       0x0800258b   Thumb Code     0  startup_stm32f10x_md.o(.text)
    TIM1_TRG_COM_IRQHandler                  0x0800258b   Thumb Code     0  startup_stm32f10x_md.o(.text)
    TIM1_UP_IRQHandler                       0x0800258b   Thumb Code     0  startup_stm32f10x_md.o(.text)
    TIM3_IRQHandler                          0x0800258b   Thumb Code     0  startup_stm32f10x_md.o(.text)
    TIM4_IRQHandler                          0x0800258b   Thumb Code     0  startup_stm32f10x_md.o(.text)
    USART1_IRQHandler                        0x0800258b   Thumb Code     0  startup_stm32f10x_md.o(.text)
    USART2_IRQHandler                        0x0800258b   Thumb Code     0  startup_stm32f10x_md.o(.text)
    USART3_IRQHandler                        0x0800258b   Thumb Code     0  startup_stm32f10x_md.o(.text)
    USBWakeUp_IRQHandler                     0x0800258b   Thumb Code     0  startup_stm32f10x_md.o(.text)
    USB_HP_CAN1_TX_IRQHandler                0x0800258b   Thumb Code     0  startup_stm32f10x_md.o(.text)
    USB_LP_CAN1_RX0_IRQHandler               0x0800258b   Thumb Code     0  startup_stm32f10x_md.o(.text)
    WWDG_IRQHandler                          0x0800258b   Thumb Code     0  startup_stm32f10x_md.o(.text)
    __aeabi_memset                           0x08002595   Thumb Code    14  memseta.o(.text)
    __aeabi_memset4                          0x08002595   Thumb Code     0  memseta.o(.text)
    __aeabi_memset8                          0x08002595   Thumb Code     0  memseta.o(.text)
    __aeabi_memclr                           0x080025a3   Thumb Code     4  memseta.o(.text)
    __aeabi_memclr4                          0x080025a3   Thumb Code     0  memseta.o(.text)
    __aeabi_memclr8                          0x080025a3   Thumb Code     0  memseta.o(.text)
    _memset$wrapper                          0x080025a7   Thumb Code    18  memseta.o(.text)
    __aeabi_fadd                             0x080025b9   Thumb Code   164  fadd.o(.text)
    __aeabi_fsub                             0x0800265d   Thumb Code     6  fadd.o(.text)
    __aeabi_frsub                            0x08002663   Thumb Code     6  fadd.o(.text)
    __aeabi_fmul                             0x08002669   Thumb Code   108  fmul.o(.text)
    __aeabi_fdiv                             0x080026d5   Thumb Code   128  fdiv.o(.text)
    __aeabi_dadd                             0x08002755   Thumb Code   322  dadd.o(.text)
    __aeabi_dsub                             0x08002897   Thumb Code     6  dadd.o(.text)
    __aeabi_drsub                            0x0800289d   Thumb Code     6  dadd.o(.text)
    __aeabi_dmul                             0x080028a3   Thumb Code   228  dmul.o(.text)
    __aeabi_ddiv                             0x08002987   Thumb Code   222  ddiv.o(.text)
    __ARM_scalbn                             0x08002a65   Thumb Code    46  dscalb.o(.text)
    scalbn                                   0x08002a65   Thumb Code     0  dscalb.o(.text)
    __aeabi_i2f                              0x08002a93   Thumb Code    18  fflti.o(.text)
    __aeabi_d2iz                             0x08002aa5   Thumb Code    62  dfixi.o(.text)
    __aeabi_f2d                              0x08002ae3   Thumb Code    38  f2d.o(.text)
    __aeabi_cdcmpeq                          0x08002b09   Thumb Code     0  cdcmple.o(.text)
    __aeabi_cdcmple                          0x08002b09   Thumb Code    38  cdcmple.o(.text)
    __aeabi_cdrcmple                         0x08002b31   Thumb Code    38  cdrcmple.o(.text)
    __aeabi_d2f                              0x08002b59   Thumb Code    56  d2f.o(.text)
    __aeabi_llsl                             0x08002b91   Thumb Code    30  llshl.o(.text)
    _ll_shift_l                              0x08002b91   Thumb Code     0  llshl.o(.text)
    __aeabi_llsr                             0x08002baf   Thumb Code    32  llushr.o(.text)
    _ll_ushift_r                             0x08002baf   Thumb Code     0  llushr.o(.text)
    __aeabi_lasr                             0x08002bcf   Thumb Code    36  llsshr.o(.text)
    _ll_sshift_r                             0x08002bcf   Thumb Code     0  llsshr.o(.text)
    __I$use$fp                               0x08002bf3   Thumb Code     0  iusefp.o(.text)
    _float_round                             0x08002bf3   Thumb Code    18  fepilogue.o(.text)
    _float_epilogue                          0x08002c05   Thumb Code    90  fepilogue.o(.text)
    _double_round                            0x08002c5f   Thumb Code    26  depilogue.o(.text)
    _double_epilogue                         0x08002c79   Thumb Code   164  depilogue.o(.text)
    __scatterload                            0x08002d1d   Thumb Code    28  init.o(.text)
    __scatterload_rt2                        0x08002d1d   Thumb Code     0  init.o(.text)
    __scatterload_copy                       0x08002d41   Thumb Code    14  handlers.o(i.__scatterload_copy)
    __scatterload_null                       0x08002d4f   Thumb Code     2  handlers.o(i.__scatterload_null)
    __scatterload_zeroinit                   0x08002d51   Thumb Code    14  handlers.o(i.__scatterload_zeroinit)
    Region$$Table$$Base                      0x08002d60   Number         0  anon$$obj.o(Region$$Table)
    Region$$Table$$Limit                     0x08002d80   Number         0  anon$$obj.o(Region$$Table)
    get_encorder                             0x20000000   Data           1  main.o(.data)
    ecorder_resolution_ratio                 0x20000004   Data           4  tim2.o(.data)
    MotorMode                                0x20000008   Data           1  globalvars.o(.data)
    CurrentPID_flag                          0x20000009   Data           1  globalvars.o(.data)
    SpeedPID_flag                            0x2000000a   Data           1  globalvars.o(.data)
    LocationPID_flag                         0x2000000b   Data           1  globalvars.o(.data)
    Want_Pwm                                 0x2000000c   Data           4  globalvars.o(.data)
    Real_Current                             0x20000010   Data           4  globalvars.o(.data)
    Real_Speed                               0x20000014   Data           4  globalvars.o(.data)
    Want_Speed                               0x20000018   Data           4  globalvars.o(.data)
    Real_Location                            0x2000001c   Data           4  globalvars.o(.data)
    Want_Location                            0x20000020   Data           4  globalvars.o(.data)
    base_current                             0x20000024   Data           4  ad.o(.data)
    Current_temp1                            0x20000028   Data           4  ad.o(.data)
    Current_temp2                            0x2000002c   Data           4  ad.o(.data)
    Current_temp3                            0x20000030   Data           4  ad.o(.data)
    Current_temp4                            0x20000034   Data           4  ad.o(.data)
    Current_temp5                            0x20000038   Data           4  ad.o(.data)
    Current_temp6                            0x2000003c   Data           4  ad.o(.data)
    base_current_count1                      0x20000040   Data           4  ad.o(.data)
    base_current_count2                      0x20000044   Data           4  ad.o(.data)
    base_current_flag                        0x20000048   Data           4  ad.o(.data)
    base_current_temp                        0x2000004c   Data           4  ad.o(.data)
    SystemCoreClock                          0x20000064   Data           4  system_stm32f10x.o(.data)
    AHBPrescTable                            0x20000068   Data          16  system_stm32f10x.o(.data)
    PidDataCurrent                           0x20000078   Data         168  globalvars.o(.bss)
    PidDataSpeed                             0x20000120   Data         168  globalvars.o(.bss)
    PidDataLocation                          0x200001c8   Data         168  globalvars.o(.bss)
    ADC_ConvertedValue                       0x20000270   Data         110  ad.o(.bss)
    __initial_sp                             0x200006e0   Data           0  startup_stm32f10x_md.o(STACK)



==============================================================================

Memory Map of the image

  Image Entry point : 0x080000ed

  Load Region LR_IROM1 (Base: 0x08000000, Size: 0x00002df8, Max: 0x00010000, ABSOLUTE)

    Execution Region ER_IROM1 (Base: 0x08000000, Size: 0x00002d80, Max: 0x00010000, ABSOLUTE)

    Base Addr    Size         Type   Attr      Idx    E Section Name        Object

    0x08000000   0x000000ec   Data   RO          504    RESET               startup_stm32f10x_md.o
    0x080000ec   0x00000000   Code   RO          509  * .ARM.Collect$$$$00000000  mc_w.l(entry.o)
    0x080000ec   0x00000004   Code   RO          540    .ARM.Collect$$$$00000001  mc_w.l(entry2.o)
    0x080000f0   0x00000004   Code   RO          543    .ARM.Collect$$$$00000004  mc_w.l(entry5.o)
    0x080000f4   0x00000000   Code   RO          545    .ARM.Collect$$$$00000008  mc_w.l(entry7b.o)
    0x080000f4   0x00000000   Code   RO          547    .ARM.Collect$$$$0000000A  mc_w.l(entry8b.o)
    0x080000f4   0x00000008   Code   RO          548    .ARM.Collect$$$$0000000B  mc_w.l(entry9a.o)
    0x080000fc   0x00000000   Code   RO          550    .ARM.Collect$$$$0000000D  mc_w.l(entry10a.o)
    0x080000fc   0x00000000   Code   RO          552    .ARM.Collect$$$$0000000F  mc_w.l(entry11a.o)
    0x080000fc   0x00000004   Code   RO          541    .ARM.Collect$$$$00002712  mc_w.l(entry2.o)
    0x08000100   0x00000104   Code   RO            1    .text               main.o
    0x08000204   0x0000007c   Code   RO          138    .text               encoder.o
    0x08000280   0x00000170   Code   RO          152    .text               pwm.o
    0x080003f0   0x00000012   Code   RO          171    .text               stm32f10x_it.o
    0x08000402   0x00000002   PAD
    0x08000404   0x000000d4   Code   RO          233    .text               tim2.o
    0x080004d8   0x000000f8   Code   RO          253    .text               usart2.o
    0x080005d0   0x00000264   Code   RO          270    .text               pid.o
    0x08000834   0x000000e4   Code   RO          288    .text               globalvars.o
    0x08000918   0x00000218   Code   RO          317    .text               ad.o
    0x08000b30   0x000000b0   Code   RO          337    .text               misc.o
    0x08000be0   0x000002b8   Code   RO          349    .text               stm32f10x_rcc.o
    0x08000e98   0x00000264   Code   RO          375    .text               stm32f10x_gpio.o
    0x080010fc   0x00000330   Code   RO          387    .text               stm32f10x_adc.o
    0x0800142c   0x000001c8   Code   RO          411    .text               stm32f10x_dma.o
    0x080015f4   0x00000af4   Code   RO          423    .text               stm32f10x_tim.o
    0x080020e8   0x00000330   Code   RO          436    .text               stm32f10x_usart.o
    0x08002418   0x00000158   Code   RO          484    .text               system_stm32f10x.o
    0x08002570   0x00000024   Code   RO          505    .text               startup_stm32f10x_md.o
    0x08002594   0x00000024   Code   RO          512    .text               mc_w.l(memseta.o)
    0x080025b8   0x000000b0   Code   RO          514    .text               mf_w.l(fadd.o)
    0x08002668   0x0000006c   Code   RO          516    .text               mf_w.l(fmul.o)
    0x080026d4   0x00000080   Code   RO          518    .text               mf_w.l(fdiv.o)
    0x08002754   0x0000014e   Code   RO          520    .text               mf_w.l(dadd.o)
    0x080028a2   0x000000e4   Code   RO          522    .text               mf_w.l(dmul.o)
    0x08002986   0x000000de   Code   RO          524    .text               mf_w.l(ddiv.o)
    0x08002a64   0x0000002e   Code   RO          526    .text               mf_w.l(dscalb.o)
    0x08002a92   0x00000012   Code   RO          528    .text               mf_w.l(fflti.o)
    0x08002aa4   0x0000003e   Code   RO          530    .text               mf_w.l(dfixi.o)
    0x08002ae2   0x00000026   Code   RO          532    .text               mf_w.l(f2d.o)
    0x08002b08   0x00000028   Code   RO          534    .text               mf_w.l(cdcmple.o)
    0x08002b30   0x00000028   Code   RO          536    .text               mf_w.l(cdrcmple.o)
    0x08002b58   0x00000038   Code   RO          538    .text               mf_w.l(d2f.o)
    0x08002b90   0x0000001e   Code   RO          554    .text               mc_w.l(llshl.o)
    0x08002bae   0x00000020   Code   RO          556    .text               mc_w.l(llushr.o)
    0x08002bce   0x00000024   Code   RO          558    .text               mc_w.l(llsshr.o)
    0x08002bf2   0x00000000   Code   RO          560    .text               mc_w.l(iusefp.o)
    0x08002bf2   0x0000006c   Code   RO          561    .text               mf_w.l(fepilogue.o)
    0x08002c5e   0x000000be   Code   RO          563    .text               mf_w.l(depilogue.o)
    0x08002d1c   0x00000024   Code   RO          565    .text               mc_w.l(init.o)
    0x08002d40   0x0000000e   Code   RO          569    i.__scatterload_copy  mc_w.l(handlers.o)
    0x08002d4e   0x00000002   Code   RO          570    i.__scatterload_null  mc_w.l(handlers.o)
    0x08002d50   0x0000000e   Code   RO          571    i.__scatterload_zeroinit  mc_w.l(handlers.o)
    0x08002d5e   0x00000002   PAD
    0x08002d60   0x00000020   Data   RO          567    Region$$Table       anon$$obj.o


    Execution Region RW_IRAM1 (Base: 0x20000000, Size: 0x000006e0, Max: 0x00005000, ABSOLUTE)

    Base Addr    Size         Type   Attr      Idx    E Section Name        Object

    0x20000000   0x00000001   Data   RW            2    .data               main.o
    0x20000001   0x00000001   Data   RW          139    .data               encoder.o
    0x20000002   0x00000002   PAD
    0x20000004   0x00000004   Data   RW          234    .data               tim2.o
    0x20000008   0x00000001   Data   RW          290    .data               globalvars.o
    0x20000009   0x00000001   Data   RW          291    .data               globalvars.o
    0x2000000a   0x00000001   Data   RW          292    .data               globalvars.o
    0x2000000b   0x00000001   Data   RW          293    .data               globalvars.o
    0x2000000c   0x00000004   Data   RW          294    .data               globalvars.o
    0x20000010   0x00000004   Data   RW          295    .data               globalvars.o
    0x20000014   0x00000004   Data   RW          297    .data               globalvars.o
    0x20000018   0x00000004   Data   RW          298    .data               globalvars.o
    0x2000001c   0x00000004   Data   RW          299    .data               globalvars.o
    0x20000020   0x00000004   Data   RW          300    .data               globalvars.o
    0x20000024   0x0000002c   Data   RW          319    .data               ad.o
    0x20000050   0x00000014   Data   RW          350    .data               stm32f10x_rcc.o
    0x20000064   0x00000014   Data   RW          485    .data               system_stm32f10x.o
    0x20000078   0x000001f8   Zero   RW          289    .bss                globalvars.o
    0x20000270   0x0000006e   Zero   RW          318    .bss                ad.o
    0x200002de   0x00000002   PAD
    0x200002e0   0x00000400   Zero   RW          502    STACK               startup_stm32f10x_md.o


==============================================================================

Image component sizes


      Code (inc. data)   RO Data    RW Data    ZI Data      Debug   Object Name

       536         40          0         44        110       2434   ad.o
         0          0          0          0          0         32   core_cm3.o
       124         14          0          1          0       1412   encoder.o
       228         34          0         28        504       1406   globalvars.o
       260         46          0          1          0     264462   main.o
       176         18          0          0          0       1733   misc.o
       612          0          0          0          0       2013   pid.o
       368         12          0          0          0       1245   pwm.o
        36          8        236          0       1024        788   startup_stm32f10x_md.o
       816         24          0          0          0       9485   stm32f10x_adc.o
       456         10          0          0          0       4146   stm32f10x_dma.o
       612         36          0          0          0       4997   stm32f10x_gpio.o
        18          0          0          0          0     267162   stm32f10x_it.o
       696         34          0         20          0       8136   stm32f10x_rcc.o
      2804         86          0          0          0      18214   stm32f10x_tim.o
       816         20          0          0          0       7336   stm32f10x_usart.o
       344         34          0         20          0       1847   system_stm32f10x.o
       212         22          0          4          0       1541   tim2.o
       248          8          0          0          0       1061   usart2.o

    ----------------------------------------------------------------------
      9364        446        268        120       1640     599450   Object Totals
         0          0         32          0          0          0   (incl. Generated)
         2          0          0          2          2          0   (incl. Padding)

    ----------------------------------------------------------------------

      Code (inc. data)   RO Data    RW Data    ZI Data      Debug   Library Member Name

         0          0          0          0          0          0   entry.o
         0          0          0          0          0          0   entry10a.o
         0          0          0          0          0          0   entry11a.o
         8          4          0          0          0          0   entry2.o
         4          0          0          0          0          0   entry5.o
         0          0          0          0          0          0   entry7b.o
         0          0          0          0          0          0   entry8b.o
         8          4          0          0          0          0   entry9a.o
        30          0          0          0          0          0   handlers.o
        36          8          0          0          0         68   init.o
         0          0          0          0          0          0   iusefp.o
        30          0          0          0          0         68   llshl.o
        36          0          0          0          0         68   llsshr.o
        32          0          0          0          0         68   llushr.o
        36          0          0          0          0        108   memseta.o
        40          2          0          0          0         68   cdcmple.o
        40          2          0          0          0         68   cdrcmple.o
        56          0          0          0          0         88   d2f.o
       334          0          0          0          0        148   dadd.o
       222          0          0          0          0        100   ddiv.o
       190          0          0          0          0        176   depilogue.o
        62          0          0          0          0         80   dfixi.o
       228          0          0          0          0         96   dmul.o
        46          0          0          0          0         80   dscalb.o
        38          0          0          0          0         68   f2d.o
       176          0          0          0          0        140   fadd.o
       128          0          0          0          0         88   fdiv.o
       108          0          0          0          0        168   fepilogue.o
        18          0          0          0          0         68   fflti.o
       108          0          0          0          0         76   fmul.o

    ----------------------------------------------------------------------
      2016         20          0          0          0       1892   Library Totals
         2          0          0          0          0          0   (incl. Padding)

    ----------------------------------------------------------------------

      Code (inc. data)   RO Data    RW Data    ZI Data      Debug   Library Name

       220         16          0          0          0        380   mc_w.l
      1794          4          0          0          0       1512   mf_w.l

    ----------------------------------------------------------------------
      2016         20          0          0          0       1892   Library Totals

    ----------------------------------------------------------------------

==============================================================================


      Code (inc. data)   RO Data    RW Data    ZI Data      Debug   

     11380        466        268        120       1640     598222   Grand Totals
     11380        466        268        120       1640     598222   ELF Image Totals
     11380        466        268        120          0          0   ROM Totals

==============================================================================

    Total RO  Size (Code + RO Data)                11648 (  11.38kB)
    Total RW  Size (RW Data + ZI Data)              1760 (   1.72kB)
    Total ROM Size (Code + RO Data + RW Data)      11768 (  11.49kB)

==============================================================================

