<html>
<body>
<pre>
<h1>礦ision Build Log</h1>
<h2>Project:</h2>
E:\NB的东西\ROBOCON机器人队\stm32f103c8t6最新核心板和2015年驱动板\2015驱动板基础工程\10_编码器测速度并用串口打印\Project\Pro\project.uvprojx
Project File Date:  03/27/2016

<h2>Output:</h2>
Build target 'Target 1'
linking...
Program Size: Code=9448 RO-data=268 RW-data=52 ZI-data=1028  
FromELF: creating hex file...
"..\Obj\project.axf" - 0 Error(s), 0 Warning(s).
Load "..\\Obj\\project.axf" 
Set JLink Project File to "E:\NB的东西\ROBOCON机器人队\stm32f103c8t6最新核心板和2015年驱动板\2015驱动板基础工程\10_编码器测速度并用串口打印\Project\Pro\JLinkSettings.ini"
* JLink Info: Device "STM32F103C8" selected (64 KB flash, 20 KB RAM).
 
JLink info:
------------
DLL: V4.76e, compiled Sep 20 2013 16:06:28
Firmware: J-Link ARM-OB STM32 compiled Aug 22 2012 19:52:04
Hardware: V7.00
S/N : 20090928 
Feature(s) : RDI,FlashDL,FlashBP,JFlash,GDBFull 
 
* JLink Info: Found SWD-DP with ID 0x1BA01477
* JLink Info: Found SWD-DP with ID 0x1BA01477
* JLink Info: Found Cortex-M3 r1p1, Little endian.
* JLink Info: FPUnit: 6 code (BP) slots and 2 literal slots
* JLink Info: TPIU fitted.
* JLink Info: ETM fitted.
ROMTableAddr = 0xE00FF003
 
Target info:
------------
Device: STM32F103C8
VTarget = 3.300V
State of Pins: 
TCK: 0, TDI: 0, TDO: 1, TMS: 0, TRES: 1, TRST: 1
Hardware-Breakpoints: 6
Software-Breakpoints: 8192
Watchpoints:          4
JTAG speed: 2000 kHz
 
Erase Done.
Programming Done.
Verify OK.
Application running ...
</pre>
</body>
</html>
